1	22447997	22456136	JUNC00000001	1	-	22447997	22456136	255,0,0	2	72,28	0,8111
