1	16957	17331	17055	17232	-	543
1	16973	17969	17055	17914	-	6
1	17266	17700	17364	17601	-	8
1	17269	17704	17368	17605	-	685
1	17643	18013	17742	17914	-	537
1	17962	18366	18061	18267	-	893
1	17962	24835	18061	24737	-	135
1	18267	18561	18362	18496	-	3
1	18268	19011	18366	18912	-	151
1	18268	24835	18366	24737	-	421
1	18283	18972	18369	18912	-	3
1	18327	29378	18369	29320	-	1
1	18281	24832	18379	24737	-	145
