1	22379227	22405020	JUNC00000001	132	+	22379227	22405020	255,0,0	2	8,99	0,25694
1	22404977	22408257	JUNC00000004	1516	+	22404977	22408257	255,0,0	2	99,43	0,3237
1	22404983	22412970	JUNC00000005	3	+	22404983	22412970	255,0,0	2	93,39	0,7948
1	22405013	22405235	JUNC00000006	1	+	22405013	22405235	255,0,0	2	63,37	0,185
