##fileformat=VCFv4.1
##FILTER=<ID=PASS,Description="All filters passed">
##INFO=<ID=TEST,Number=1,Type=Integer,Description="Testing Tag">
##FORMAT=<ID=TT,Number=A,Type=Integer,Description="Testing Tag, with commas and \"escapes\" and escaped escapes combined with \\\"quotes\\\\\"">
##INFO=<ID=DP4,Number=4,Type=Integer,Description="# high-quality ref-forward bases, ref-reverse, alt-forward and alt-reverse bases">
##FORMAT=<ID=GT,Number=1,Type=String,Description="Genotype">
##FORMAT=<ID=GQ,Number=1,Type=Integer,Description="Genotype Quality">
##FORMAT=<ID=DP,Number=1,Type=Integer,Description="Read Depth">
##FORMAT=<ID=GL,Number=G,Type=Float,Description="Genotype Likelihood">
##FILTER=<ID=q10,Description="Quality below 10">
##FILTER=<ID=test,Description="Testing filter">
##contig=<ID=22,assembly=b37,length=51304566>
##test=<ID=4,IE=5>
##reference=file:///lustre/scratch105/projects/g1k/ref/main_project/human_g1k_v37.fasta
##readme=AAAAAA
##readme=BBBBBB
##INFO=<ID=AC,Number=A,Type=Integer,Description="Allele count in genotypes">
##INFO=<ID=AN,Number=1,Type=Integer,Description="Total number of alleles in called genotypes">
##INFO=<ID=INDEL,Number=0,Type=Flag,Description="Indicates that the variant is an INDEL.">
##INFO=<ID=STR,Number=1,Type=String,Description="Test string type">
##INFO=<ID=genes,Number=1,Type=String,Description="The Variant falls in the splice region of these genes">
##INFO=<ID=transcripts,Number=1,Type=String,Description="The Variant falls in the splice region of these transcripts">
##INFO=<ID=distances,Number=1,Type=String,Description="Vector of Min(Distance from start/end of exon in the transcript.)">
##INFO=<ID=annotations,Number=1,Type=String,Description="Does the variant fall in exonic/intronic splicing related space in the transcript.">
#CHROM	POS	ID	REF	ALT	QUAL	FILTER	INFO	FORMAT	A	B
22	12785	.	C	T	59.2	PASS	AN=4;AC=2;genes=EP300;transcripts=ENST00000263253;distances=6;annotations=splicing_intronic	GT:GQ	0/1:245	0/1:245
22	12791	.	C	T	59.2	PASS	AN=4;AC=2;genes=EP300;transcripts=ENST00000263253;distances=0;annotations=splicing_exonic	GT:GQ	0/1:245	0/1:245
22	12797	.	C	T	59.2	PASS	AN=4;AC=2;genes=EP300;transcripts=ENST00000263253;distances=6;annotations=splicing_exonic	GT:GQ	0/1:245	0/1:245
22	14010	.	C	T	59.2	PASS	AN=4;AC=2;genes=NA;transcripts=NA;distances=NA;annotations=NA	GT:GQ	0/1:245	0/1:245
22	38192	.	G	T	19.2	PASS	AN=4;AC=2;genes=EP300;transcripts=ENST00000263253;distances=0;annotations=splicing_exonic	GT:GQ	0/1:215	0/1:225
22	47048	.	G	T	29.2	PASS	AN=4;AC=2;genes=EP300;transcripts=ENST00000263253;distances=3;annotations=splicing_intronic	GT:GQ	0/1:215	0/1:225
22	97780	.	G	T	29.2	PASS	AN=4;AC=2;genes=EP300;transcripts=ENST00000263253;distances=2;annotations=splicing_exonic	GT:GQ	0/1:215	0/1:225
22	100000	.	G	T	29.2	PASS	AN=4;AC=2;genes=NA;transcripts=NA;distances=NA;annotations=NA	GT:GQ	0/1:215	0/1:225
22	101076	.	G	T	29.2	PASS	AN=4;AC=2;genes=EP300;transcripts=ENST00000263253;distances=6;annotations=splicing_exonic	GT:GQ	0/1:215	0/1:225
22	101080	.	G	T	29.2	PASS	AN=4;AC=2;genes=EP300;transcripts=ENST00000263253;distances=2;annotations=splicing_exonic	GT:GQ	0/1:215	0/1:225
22	101088	.	G	T	29.2	PASS	AN=4;AC=2;genes=EP300;transcripts=ENST00000263253;distances=6;annotations=splicing_intronic	GT:GQ	0/1:215	0/1:225
22	167675	.	G	T	29.2	PASS	AN=4;AC=2;genes=RANGAP1;transcripts=ENST00000356244,ENST00000405486,ENST00000407260,ENST00000455915;distances=2,2,2,2;annotations=splicing_exonic,splicing_exonic,splicing_exonic,splicing_exonic	GT:GQ	0/1:215	0/1:225
22	167677	.	G	T	29.2	PASS	AN=4;AC=2;genes=RANGAP1;transcripts=ENST00000356244,ENST00000405486,ENST00000407260,ENST00000455915;distances=0,0,0,0;annotations=splicing_exonic,splicing_exonic,splicing_exonic,splicing_exonic	GT:GQ	0/1:215	0/1:225
22	167679	.	G	T	29.2	PASS	AN=4;AC=2;genes=RANGAP1;transcripts=ENST00000356244,ENST00000405486,ENST00000407260,ENST00000455915;distances=2,2,2,2;annotations=splicing_intronic,splicing_intronic,splicing_intronic,splicing_intronic	GT:GQ	0/1:215	0/1:225
22	175311	.	G	T	29.2	PASS	AN=4;AC=2;genes=RANGAP1;transcripts=ENST00000356244,ENST00000405486,ENST00000407260,ENST00000455915;distances=2,2,2,2;annotations=splicing_intronic,splicing_intronic,splicing_intronic,splicing_intronic	GT:GQ	0/1:215	0/1:225
22	175501	.	G	T	29.2	PASS	AN=4;AC=2;genes=RANGAP1;transcripts=ENST00000356244,ENST00000405486,ENST00000407260,ENST00000455915;distances=2,2,2,2;annotations=splicing_intronic,splicing_intronic,splicing_intronic,splicing_intronic	GT:GQ	0/1:215	0/1:225
22	206985	.	G	T	29.2	PASS	AN=4;AC=2;genes=RANGAP1;transcripts=ENST00000356244;distances=6;annotations=splicing_intronic	GT:GQ	0/1:215	0/1:225
22	206991	.	G	T	29.2	PASS	AN=4;AC=2;genes=RANGAP1;transcripts=ENST00000356244;distances=0;annotations=splicing_exonic	GT:GQ	0/1:215	0/1:225
22	206993	.	G	T	29.2	PASS	AN=4;AC=2;genes=RANGAP1;transcripts=ENST00000356244;distances=2;annotations=splicing_exonic	GT:GQ	0/1:215	0/1:225
