22	93614	97301	JUNC00000001	5	-	93614	97301	255,0,0	2	54,50	0,3637
