##fileformat=VCFv4.2
##INFO=<ID=SOMATIC_VARIANT,Number=1,Type=String,Description="Somatic variant proximal to ASE variant."
##INFO=<ID=P_HET_DNA,Number=1,Type=Float,Description="Posterior probability of het in the DNA at ASE site."
##INFO=<ID=P_HOM_RNA,Number=1,Type=Float,Description="Posterior probability of hom in the RNA at ASE site."
##INFO=<ID=ASE_MODEL,Number=1,Type=String,Description="Name of the model that explains the ASE data best."
#CHROM	POS	ID	REF	ALT	QUAL	FILTER	INFO
22	2050	.	C	G	.	PASS	SOMATIC_VARIANT=22:1950-1950;P_HET_DNA=0.88947;P_HOM_RNA=1;ASE_MODEL=NA
22	2550	.	C	G	.	PASS	SOMATIC_VARIANT=22:1950-1950;P_HET_DNA=0.954112;P_HOM_RNA=1;ASE_MODEL=NA
22	2950	.	C	G	.	PASS	SOMATIC_VARIANT=22:1950-1950;P_HET_DNA=0.941645;P_HOM_RNA=1;ASE_MODEL=NA
22	3050	.	T	A	.	PASS	SOMATIC_VARIANT=22:1950-1950;P_HET_DNA=0.954112;P_HOM_RNA=1;ASE_MODEL=NA
22	3550	.	G	C	.	PASS	SOMATIC_VARIANT=22:1950-1950;P_HET_DNA=0.797431;P_HOM_RNA=1;ASE_MODEL=NA
22	3950	.	G	C	.	PASS	SOMATIC_VARIANT=22:1950-1950;P_HET_DNA=0.958207;P_HOM_RNA=1;ASE_MODEL=NA
